// Jest Snapshot v1, https://goo.gl/fbAQLP

exports[`should render EditExpensePage correctly 1`] = `
<div>
  <div
    className="page-header"
  >
    <div
      className="content-container"
    >
      <h2
        className="page-header__title"
      >
        Edit Expense
      </h2>
    </div>
  </div>
  <div
    className="content-container"
  >
    <ExpenseForm
      expense={
        Object {
          "amount": 1.95,
          "createdAt": 0,
          "description": "Gum",
          "id": "1",
          "note": "",
        }
      }
      onSubmit={[Function]}
    />
    <button
      className="btn btn--secondary"
      onClick={[Function]}
    >
      Remove
    </button>
  </div>
  <RemoveExpenseModal
    closeModal={[Function]}
    expense={
      Object {
        "amount": 1.95,
        "createdAt": 0,
        "description": "Gum",
        "id": "1",
        "note": "",
      }
    }
    onRemove={[Function]}
  />
</div>
`;
